
Allocating common symbols
Common symbol       size              file

idt_ptr             0x6               kernel/global.o
inode_table         0xb00             kernel/global.o
task_stack          0x38000           kernel/global.o
k_reenter           0x4               kernel/global.o
gdt                 0x400             kernel/global.o
current_console     0x4               kernel/global.o
pcaller             0x4               kernel/global.o
tty_table           0x1090            kernel/global.o
tss                 0x68              kernel/global.o
fs_msg              0x30              kernel/global.o
f_desc_table        0x300             kernel/global.o
root_inode          0x4               kernel/global.o
disp_pos            0x4               kernel/global.o
key_pressed         0x4               kernel/global.o
gdt_ptr             0x6               kernel/global.o
idt                 0x800             kernel/global.o
super_block         0x1e0             kernel/global.o
PARTITION_ENTRY     0x10              kernel/hd.o
ticks               0x4               kernel/global.o
countError          0x4               kernel/main.o
console_table       0x50              kernel/global.o
irq_table           0x40              kernel/global.o
p_proc_ready        0x4               kernel/global.o
fTreeArray          0x5dc0            kernel/main.o
proc_table          0xb0c             kernel/global.o

Discarded input sections

 .note.GNU-stack
                0x0000000000000000        0x0 kernel/start.o
 .note.GNU-stack
                0x0000000000000000        0x0 kernel/main.o
 .note.GNU-stack
                0x0000000000000000        0x0 kernel/clock.o
 .note.GNU-stack
                0x0000000000000000        0x0 kernel/keyboard.o
 .note.GNU-stack
                0x0000000000000000        0x0 kernel/tty.o
 .note.GNU-stack
                0x0000000000000000        0x0 kernel/console.o
 .note.GNU-stack
                0x0000000000000000        0x0 kernel/i8259.o
 .note.GNU-stack
                0x0000000000000000        0x0 kernel/global.o
 .note.GNU-stack
                0x0000000000000000        0x0 kernel/protect.o
 .note.GNU-stack
                0x0000000000000000        0x0 kernel/proc.o
 .note.GNU-stack
                0x0000000000000000        0x0 kernel/systask.o
 .note.GNU-stack
                0x0000000000000000        0x0 kernel/hd.o
 .note.GNU-stack
                0x0000000000000000        0x0 lib/printf.o
 .note.GNU-stack
                0x0000000000000000        0x0 lib/vsprintf.o
 .note.GNU-stack
                0x0000000000000000        0x0 lib/klib.o
 .note.GNU-stack
                0x0000000000000000        0x0 lib/misc.o
 .note.GNU-stack
                0x0000000000000000        0x0 lib/open.o
 .note.GNU-stack
                0x0000000000000000        0x0 lib/read.o
 .note.GNU-stack
                0x0000000000000000        0x0 lib/write.o
 .note.GNU-stack
                0x0000000000000000        0x0 lib/close.o
 .note.GNU-stack
                0x0000000000000000        0x0 lib/unlink.o
 .note.GNU-stack
                0x0000000000000000        0x0 lib/getpid.o
 .note.GNU-stack
                0x0000000000000000        0x0 lib/syslog.o
 .note.GNU-stack
                0x0000000000000000        0x0 fs/main.o
 .note.GNU-stack
                0x0000000000000000        0x0 fs/open.o
 .note.GNU-stack
                0x0000000000000000        0x0 fs/misc.o
 .note.GNU-stack
                0x0000000000000000        0x0 fs/read_write.o
 .note.GNU-stack
                0x0000000000000000        0x0 fs/link.o
 .note.GNU-stack
                0x0000000000000000        0x0 fs/disklog.o

Memory Configuration

Name             Origin             Length             Attributes
*default*        0x0000000000000000 0xffffffffffffffff

Linker script and memory map

Address of section .text set to 0x1000
LOAD kernel/kernel.o
LOAD lib/syscall.o
LOAD kernel/start.o
LOAD kernel/main.o
LOAD kernel/clock.o
LOAD kernel/keyboard.o
LOAD kernel/tty.o
LOAD kernel/console.o
LOAD kernel/i8259.o
LOAD kernel/global.o
LOAD kernel/protect.o
LOAD kernel/proc.o
LOAD kernel/systask.o
LOAD kernel/hd.o
LOAD lib/printf.o
LOAD lib/vsprintf.o
LOAD lib/kliba.o
LOAD lib/klib.o
LOAD lib/string.o
LOAD lib/misc.o
LOAD lib/open.o
LOAD lib/read.o
LOAD lib/write.o
LOAD lib/close.o
LOAD lib/unlink.o
LOAD lib/getpid.o
LOAD lib/syslog.o
LOAD fs/main.o
LOAD fs/open.o
LOAD fs/misc.o
LOAD fs/read_write.o
LOAD fs/link.o
LOAD fs/disklog.o
                0x0000000008048000                PROVIDE (__executable_start, 0x8048000)
                0x0000000008048094                . = (0x8048000 + SIZEOF_HEADERS)

.interp
 *(.interp)

.note.gnu.build-id
 *(.note.gnu.build-id)

.hash
 *(.hash)

.gnu.hash
 *(.gnu.hash)

.dynsym
 *(.dynsym)

.dynstr
 *(.dynstr)

.gnu.version
 *(.gnu.version)

.gnu.version_d
 *(.gnu.version_d)

.gnu.version_r
 *(.gnu.version_r)

.rel.dyn        0x0000000008048094        0x0
 *(.rel.init)
 *(.rel.text .rel.text.* .rel.gnu.linkonce.t.*)
 .rel.text      0x0000000000000000        0x0 kernel/kernel.o
 *(.rel.fini)
 *(.rel.rodata .rel.rodata.* .rel.gnu.linkonce.r.*)
 *(.rel.data.rel.ro .rel.data.rel.ro.* .rel.gnu.linkonce.d.rel.ro.*)
 *(.rel.data .rel.data.* .rel.gnu.linkonce.d.*)
 .rel.data      0x0000000000000000        0x0 kernel/kernel.o
 *(.rel.tdata .rel.tdata.* .rel.gnu.linkonce.td.*)
 *(.rel.tbss .rel.tbss.* .rel.gnu.linkonce.tb.*)
 *(.rel.ctors)
 *(.rel.dtors)
 *(.rel.got)
 *(.rel.bss .rel.bss.* .rel.gnu.linkonce.b.*)
 *(.rel.ifunc)

.rel.plt        0x0000000008048094        0x0
 *(.rel.plt)
                0x0000000008048094                PROVIDE (__rel_iplt_start, .)
 *(.rel.iplt)
 .rel.iplt      0x0000000000000000        0x0 kernel/kernel.o
                0x0000000008048094                PROVIDE (__rel_iplt_end, .)

.init
 *(SORT(.init))

.plt            0x00000000080480a0        0x0
 *(.plt)
 *(.iplt)
 .iplt          0x0000000000000000        0x0 kernel/kernel.o

.text           0x0000000000001000     0xc0b2
 *(.text.unlikely .text.*_unlikely .text.unlikely.*)
 *(.text.exit .text.exit.*)
 *(.text.startup .text.startup.*)
 *(.text.hot .text.hot.*)
 *(.text .stub .text.* .gnu.linkonce.t.*)
 .text          0x0000000000001000      0x410 kernel/kernel.o
                0x0000000000001000                _start
                0x0000000000001040                hwint00
                0x0000000000001070                hwint01
                0x00000000000010a0                hwint02
                0x00000000000010d0                hwint03
                0x0000000000001100                hwint04
                0x0000000000001130                hwint05
                0x0000000000001160                hwint06
                0x0000000000001190                hwint07
                0x00000000000011c0                hwint08
                0x00000000000011f0                hwint09
                0x0000000000001220                hwint10
                0x0000000000001250                hwint11
                0x0000000000001280                hwint12
                0x00000000000012b0                hwint13
                0x00000000000012e0                hwint14
                0x0000000000001310                hwint15
                0x0000000000001334                divide_error
                0x000000000000133a                single_step_exception
                0x0000000000001340                nmi
                0x0000000000001346                breakpoint_exception
                0x000000000000134c                overflow
                0x0000000000001352                bounds_check
                0x0000000000001358                inval_opcode
                0x000000000000135e                copr_not_available
                0x0000000000001364                double_fault
                0x0000000000001368                copr_seg_overrun
                0x000000000000136e                inval_tss
                0x0000000000001372                segment_not_present
                0x0000000000001376                stack_exception
                0x000000000000137a                general_protection
                0x000000000000137e                page_fault
                0x0000000000001382                copr_error
                0x00000000000013cb                sys_call
                0x00000000000013eb                restart
 .text          0x0000000000001410       0x28 lib/syscall.o
                0x0000000000001410                sendrec
                0x000000000000142a                printx
 .text          0x0000000000001438       0x8e kernel/start.o
                0x0000000000001438                cstart
 .text          0x00000000000014c6     0x23cf kernel/main.o
                0x00000000000014c6                gameShow
                0x000000000000152d                search
                0x0000000000001646                step
                0x0000000000001822                game
                0x0000000000001a29                initFTreeArray
                0x0000000000001a8e                creatFTreeArray
                0x0000000000001c8e                getTreeInfo
                0x0000000000001e52                showTree
                0x0000000000001f07                saveTreeToDsik
                0x0000000000001ff4                readTreeFromDisk
                0x00000000000020d8                deleteDirRecord
                0x000000000000216f                deleteDirRecusive
                0x0000000000002229                printPath
                0x0000000000002280                printCurrFile
                0x0000000000002349                openDir
                0x000000000000245a                backDir
                0x00000000000024d6                createDir
                0x00000000000025f5                isThereFile
                0x0000000000002664                kernel_main
                0x00000000000028e9                get_ticks
                0x0000000000002921                TestA
                0x0000000000002ced                initFSTree
                0x0000000000002d34                TestB
                0x00000000000034e1                TestC
                0x00000000000034f5                timer
                0x00000000000035b2                startAnimate
                0x00000000000036d5                panic
                0x0000000000003725                clear
                0x000000000000378a                help
                0x00000000000037fe                ProcessManage
 .text          0x0000000000003895      0x115 kernel/clock.o
                0x0000000000003895                clock_handler
                0x000000000000390d                milli_delay
                0x0000000000003946                init_clock
 .text          0x00000000000039aa      0x6cf kernel/keyboard.o
                0x00000000000039aa                keyboard_handler
                0x0000000000003a10                init_keyboard
                0x0000000000003abf                keyboard_read
 .text          0x0000000000004079      0x9d3 kernel/tty.o
                0x0000000000004079                task_tty
                0x000000000000422d                in_process
                0x0000000000004753                sys_printx
                0x00000000000048f5                dump_tty_buf
 .text          0x0000000000004a4c      0x7da kernel/console.o
                0x0000000000004a4c                init_screen
                0x0000000000004bb6                out_char
                0x0000000000004e73                clear_screen
                0x0000000000004eac                is_current_console
                0x0000000000004ecf                set_cursor
                0x0000000000004f38                set_video_start_addr
                0x0000000000004fa1                select_console
                0x0000000000004fdc                scroll_screen
                0x00000000000051c0                flush
 .text          0x0000000000005226      0x13c kernel/i8259.o
                0x0000000000005226                init_8259A
                0x0000000000005317                spurious_irq
                0x0000000000005342                put_irq_handler
 .text          0x0000000000005362        0x0 kernel/global.o
 .text          0x0000000000005362      0x7e9 kernel/protect.o
                0x0000000000005362                init_prot
                0x0000000000005963                seg2phys
                0x0000000000005a1e                exception_handler
 .text          0x0000000000005b4b     0x19f5 kernel/proc.o
                0x0000000000005b4b                schedule
                0x0000000000005bd6                sys_sendrec
                0x0000000000005d35                send_recv
                0x0000000000005e15                ldt_seg_linear
                0x0000000000005e5f                va2la
                0x0000000000005ece                reset_msg
                0x0000000000006ebc                inform_int
                0x000000000000705e                dump_proc
                0x00000000000073f9                dump_msg
 .text          0x0000000000007540       0x95 kernel/systask.o
                0x0000000000007540                task_sys
 .text          0x00000000000075d5      0xe9e kernel/hd.o
                0x00000000000075d5                task_hd
                0x000000000000844e                hd_handler
 .text          0x0000000000008473       0xc0 lib/printf.o
                0x0000000000008473                printf
                0x00000000000084f2                printl
 .text          0x0000000000008533      0x318 lib/vsprintf.o
                0x0000000000008596                vsprintf
                0x0000000000008821                sprintf
 *fill*         0x000000000000884b        0x5 
 .text          0x0000000000008850      0x19a lib/kliba.o
                0x0000000000008850                disp_str
                0x000000000000888e                disp_color_str
                0x00000000000088cd                out_byte
                0x00000000000088d9                in_byte
                0x00000000000088e3                port_read
                0x00000000000088f6                port_write
                0x0000000000008909                disable_irq
                0x000000000000893e                enable_irq
                0x000000000000895d                disable_int
                0x000000000000895f                enable_int
                0x0000000000008961                glitter
 .text          0x00000000000089ea      0x354 lib/klib.o
                0x00000000000089ea                itoa
                0x0000000000008a95                itoaDec
                0x0000000000008c17                atoi
                0x0000000000008cd3                disp_int
                0x0000000000008cf8                delay
 *fill*         0x0000000000008d3e        0x2 
 .text          0x0000000000008d40       0x78 lib/string.o
                0x0000000000008d40                memcpy
                0x0000000000008d69                memset
                0x0000000000008d8a                strcpy
                0x0000000000008da2                strlen
 .text          0x0000000000008db8      0x1a8 lib/misc.o
                0x0000000000008db8                memcmp
                0x0000000000008e2e                strcmp
                0x0000000000008ea0                strcat
                0x0000000000008eff                spin
                0x0000000000008f1a                assertion_failure
 .text          0x0000000000008f60       0x73 lib/open.o
                0x0000000000008f60                open
 .text          0x0000000000008fd3       0x3f lib/read.o
                0x0000000000008fd3                read
 .text          0x0000000000009012       0x3f lib/write.o
                0x0000000000009012                write
 .text          0x0000000000009051       0x33 lib/close.o
                0x0000000000009051                close
 .text          0x0000000000009084       0x41 lib/unlink.o
                0x0000000000009084                unlink
 .text          0x00000000000090c5       0x59 lib/getpid.o
                0x00000000000090c5                getpid
 .text          0x000000000000911e       0xdb lib/syslog.o
                0x000000000000911e                syslog
 .text          0x00000000000091f9      0xeac fs/main.o
                0x00000000000091f9                task_fs
                0x0000000000009b55                rw_sector
                0x0000000000009d8f                get_super_block
                0x0000000000009dd5                get_inode
                0x0000000000009f43                put_inode
                0x0000000000009f88                sync_inode
 .text          0x000000000000a0a5      0xb4c fs/open.o
                0x000000000000a0a5                do_open
                0x000000000000a542                do_close
                0x000000000000a59a                do_lseek
 .text          0x000000000000abf1      0x205 fs/misc.o
                0x000000000000abf1                search_file
                0x000000000000ad6a                strip_path
 .text          0x000000000000adf6      0x522 fs/read_write.o
                0x000000000000adf6                do_rdwt
 .text          0x000000000000b318      0x8f6 fs/link.o
                0x000000000000b318                do_unlink
 .text          0x000000000000bc0e     0x14a4 fs/disklog.o
                0x000000000000bc0e                do_disklog
                0x000000000000bcb9                disklog
                0x000000000000c263                dump_fd_graph
 *(.gnu.warning)

.fini
 *(SORT(.fini))
                0x000000000000d0b2                PROVIDE (__etext, .)
                0x000000000000d0b2                PROVIDE (_etext, .)
                0x000000000000d0b2                PROVIDE (etext, .)

.rodata         0x000000000000d0c0     0x2cf7
 *(.rodata .rodata.* .gnu.linkonce.r.*)
 .rodata        0x000000000000d0c0       0x47 kernel/start.o
 *fill*         0x000000000000d107        0x1 
 .rodata        0x000000000000d108     0x1006 kernel/main.o
 *fill*         0x000000000000e10e        0x2 
 .rodata        0x000000000000e110       0x64 kernel/keyboard.o
 .rodata        0x000000000000e174      0x13c kernel/tty.o
 .rodata        0x000000000000e2b0       0x5b kernel/console.o
 .rodata        0x000000000000e30b       0x11 kernel/i8259.o
 .rodata        0x000000000000e31c        0x4 kernel/global.o
                0x000000000000e31c                FSBUF_SIZE
 .rodata        0x000000000000e320      0x540 kernel/protect.o
 .rodata        0x000000000000e860      0x62e kernel/proc.o
 .rodata        0x000000000000ee8e       0x11 kernel/systask.o
 *fill*         0x000000000000ee9f        0x1 
 .rodata        0x000000000000eea0      0x1ba kernel/hd.o
 .rodata        0x000000000000f05a       0x14 lib/printf.o
 *fill*         0x000000000000f06e        0x2 
 .rodata        0x000000000000f070       0x61 lib/misc.o
 .rodata        0x000000000000f0d1       0x23 lib/open.o
 .rodata        0x000000000000f0f4       0x25 lib/getpid.o
 .rodata        0x000000000000f119       0x32 lib/syslog.o
 *fill*         0x000000000000f14b        0x1 
 .rodata        0x000000000000f14c      0x206 fs/main.o
 *fill*         0x000000000000f352        0x2 
 .rodata        0x000000000000f354      0x138 fs/open.o
 .rodata        0x000000000000f48c      0x164 fs/read_write.o
 .rodata        0x000000000000f5f0      0x19d fs/link.o
 *fill*         0x000000000000f78d        0x3 
 .rodata        0x000000000000f790      0x627 fs/disklog.o

.rodata1
 *(.rodata1)

.eh_frame_hdr
 *(.eh_frame_hdr)

.eh_frame       0x000000000000fdb8     0x132c
 *(.eh_frame)
 .eh_frame      0x000000000000fdb8       0x38 kernel/start.o
 .eh_frame      0x000000000000fdf0      0x3cc kernel/main.o
                                        0x3e4 (size before relaxing)
 .eh_frame      0x00000000000101bc       0x60 kernel/clock.o
                                         0x78 (size before relaxing)
 .eh_frame      0x000000000001021c       0xe0 kernel/keyboard.o
                                         0xf8 (size before relaxing)
 .eh_frame      0x00000000000102fc      0x13c kernel/tty.o
                                        0x154 (size before relaxing)
 .eh_frame      0x0000000000010438      0x148 kernel/console.o
                                        0x160 (size before relaxing)
 .eh_frame      0x0000000000010580       0x60 kernel/i8259.o
                                         0x78 (size before relaxing)
 .eh_frame      0x00000000000105e0       0xb0 kernel/protect.o
                                         0xc8 (size before relaxing)
 .eh_frame      0x0000000000010690      0x1e0 kernel/proc.o
                                        0x1f8 (size before relaxing)
 .eh_frame      0x0000000000010870       0x1c kernel/systask.o
                                         0x34 (size before relaxing)
 .eh_frame      0x000000000001088c      0x210 kernel/hd.o
                                        0x228 (size before relaxing)
 .eh_frame      0x0000000000010a9c       0x40 lib/printf.o
                                         0x58 (size before relaxing)
 .eh_frame      0x0000000000010adc       0x68 lib/vsprintf.o
                                         0x80 (size before relaxing)
 .eh_frame      0x0000000000010b44       0xa8 lib/klib.o
                                         0xc0 (size before relaxing)
 .eh_frame      0x0000000000010bec       0x9c lib/misc.o
                                         0xb4 (size before relaxing)
 .eh_frame      0x0000000000010c88       0x20 lib/open.o
                                         0x38 (size before relaxing)
 .eh_frame      0x0000000000010ca8       0x20 lib/read.o
                                         0x38 (size before relaxing)
 .eh_frame      0x0000000000010cc8       0x20 lib/write.o
                                         0x38 (size before relaxing)
 .eh_frame      0x0000000000010ce8       0x20 lib/close.o
                                         0x38 (size before relaxing)
 .eh_frame      0x0000000000010d08       0x20 lib/unlink.o
                                         0x38 (size before relaxing)
 .eh_frame      0x0000000000010d28       0x20 lib/getpid.o
                                         0x38 (size before relaxing)
 .eh_frame      0x0000000000010d48       0x20 lib/syslog.o
                                         0x38 (size before relaxing)
 .eh_frame      0x0000000000010d68      0x134 fs/main.o
                                        0x14c (size before relaxing)
 .eh_frame      0x0000000000010e9c      0x128 fs/open.o
                                        0x140 (size before relaxing)
 .eh_frame      0x0000000000010fc4       0x48 fs/misc.o
                                         0x60 (size before relaxing)
 .eh_frame      0x000000000001100c       0x2c fs/read_write.o
                                         0x44 (size before relaxing)
 .eh_frame      0x0000000000011038       0x2c fs/link.o
                                         0x44 (size before relaxing)
 .eh_frame      0x0000000000011064       0x80 fs/disklog.o
                                         0x98 (size before relaxing)

.gcc_except_table
 *(.gcc_except_table .gcc_except_table.*)

.exception_ranges
 *(.exception_ranges .exception_ranges*)
                0x00000000000110e4                . = (ALIGN (0x1000) - ((0x1000 - .) & 0xfff))
                0x00000000000120e4                . = DATA_SEGMENT_ALIGN (0x1000, 0x1000)

.eh_frame
 *(.eh_frame)

.gcc_except_table
 *(.gcc_except_table .gcc_except_table.*)

.exception_ranges
 *(.exception_ranges .exception_ranges*)

.tdata
 *(.tdata .tdata.* .gnu.linkonce.td.*)

.tbss
 *(.tbss .tbss.* .gnu.linkonce.tb.*)
 *(.tcommon)

.preinit_array  0x00000000000120e4        0x0
                0x00000000000120e4                PROVIDE (__preinit_array_start, .)
 *(.preinit_array)
                0x00000000000120e4                PROVIDE (__preinit_array_end, .)

.init_array     0x00000000000120e4        0x0
                0x00000000000120e4                PROVIDE (__init_array_start, .)
 *(SORT(.init_array.*) SORT(.ctors.*))
 *(.init_array EXCLUDE_FILE(*crtend?.o *crtend.o *crtbegin?.o *crtbegin.o) .ctors)
                0x00000000000120e4                PROVIDE (__init_array_end, .)

.fini_array     0x00000000000120e4        0x0
                0x00000000000120e4                PROVIDE (__fini_array_start, .)
 *(SORT(.fini_array.*) SORT(.dtors.*))
 *(.fini_array EXCLUDE_FILE(*crtend?.o *crtend.o *crtbegin?.o *crtbegin.o) .dtors)
                0x00000000000120e4                PROVIDE (__fini_array_end, .)

.ctors
 *crtbegin.o(.ctors)
 *crtbegin?.o(.ctors)
 *(EXCLUDE_FILE(*crtend?.o *crtend.o) .ctors)
 *(SORT(.ctors.*))
 *(.ctors)

.dtors
 *crtbegin.o(.dtors)
 *crtbegin?.o(.dtors)
 *(EXCLUDE_FILE(*crtend?.o *crtend.o) .dtors)
 *(SORT(.dtors.*))
 *(.dtors)

.jcr
 *(.jcr)

.data.rel.ro
 *(.data.rel.ro.local* .gnu.linkonce.d.rel.ro.local.*)
 *(.data.rel.ro .data.rel.ro.* .gnu.linkonce.d.rel.ro.*)

.dynamic
 *(.dynamic)

.got
 *(.got)
 *(.igot)
                0x00000000000120e4                . = DATA_SEGMENT_RELRO_END (., (SIZEOF (.got.plt) >= 0xc)?0xc:0x0)

.got.plt        0x00000000000120e4        0x0
 *(.got.plt)
 *(.igot.plt)
 .igot.plt      0x0000000000000000        0x0 kernel/kernel.o

.data           0x0000000000012100      0x7a0
 *(.data .data.* .gnu.linkonce.d.*)
 .data          0x0000000000012100        0x2 kernel/kernel.o
 .data          0x0000000000012102        0x0 kernel/start.o
 *fill*         0x0000000000012102        0x2 
 .data          0x0000000000012104        0x4 kernel/main.o
                0x0000000000012104                currFatherDir
 .data          0x0000000000012108        0x0 kernel/clock.o
 *fill*         0x0000000000012108       0x18 
 .data          0x0000000000012120      0x600 kernel/keyboard.o
                0x0000000000012120                keymap
 .data          0x0000000000012720       0x22 kernel/tty.o
 .data          0x0000000000012742        0x0 kernel/console.o
 .data          0x0000000000012742        0x0 kernel/i8259.o
 *fill*         0x0000000000012742       0x1e 
 .data          0x0000000000012760      0x140 kernel/global.o
                0x0000000000012760                task_table
                0x0000000000012800                user_proc_table
                0x0000000000012878                sys_call_table
                0x0000000000012884                dd_map
                0x000000000001289c                fsbuf
 .data          0x00000000000128a0        0x0 kernel/protect.o
 .data          0x00000000000128a0        0x0 kernel/proc.o
 .data          0x00000000000128a0        0x0 kernel/systask.o
 .data          0x00000000000128a0        0x0 kernel/hd.o
 .data          0x00000000000128a0        0x0 lib/printf.o
 .data          0x00000000000128a0        0x0 lib/vsprintf.o
 .data          0x00000000000128a0        0x0 lib/klib.o
 .data          0x00000000000128a0        0x0 lib/misc.o
 .data          0x00000000000128a0        0x0 lib/open.o
 .data          0x00000000000128a0        0x0 lib/read.o
 .data          0x00000000000128a0        0x0 lib/write.o
 .data          0x00000000000128a0        0x0 lib/close.o
 .data          0x00000000000128a0        0x0 lib/unlink.o
 .data          0x00000000000128a0        0x0 lib/getpid.o
 .data          0x00000000000128a0        0x0 lib/syslog.o
 .data          0x00000000000128a0        0x0 fs/main.o
 .data          0x00000000000128a0        0x0 fs/open.o
 .data          0x00000000000128a0        0x0 fs/misc.o
 .data          0x00000000000128a0        0x0 fs/read_write.o
 .data          0x00000000000128a0        0x0 fs/link.o
 .data          0x00000000000128a0        0x0 fs/disklog.o

.data1
 *(.data1)
                0x00000000000128a0                _edata = .
                0x00000000000128a0                PROVIDE (edata, .)
                0x00000000000128a0                . = .
                0x00000000000128a0                __bss_start = .

.bss            0x00000000000128a0    0x42c9c
 *(.dynbss)
 *(.bss .bss.* .gnu.linkonce.b.*)
 .bss           0x00000000000128a0      0x800 kernel/kernel.o
 .bss           0x00000000000130a0        0x0 kernel/start.o
 .bss           0x00000000000130a0      0x418 kernel/main.o
                0x00000000000130a0                tot
                0x00000000000130c0                C
                0x0000000000013250                treeCount
                0x0000000000013254                treeCurrSize
                0x0000000000013258                currPathDepth
                0x0000000000013260                path
 .bss           0x00000000000134b8        0x0 kernel/clock.o
 *fill*         0x00000000000134b8        0x8 
 .bss           0x00000000000134c0       0x58 kernel/keyboard.o
 .bss           0x0000000000013518        0x0 kernel/tty.o
 .bss           0x0000000000013518        0x0 kernel/console.o
 .bss           0x0000000000013518        0x0 kernel/i8259.o
 .bss           0x0000000000013518        0x0 kernel/global.o
 .bss           0x0000000000013518        0x0 kernel/protect.o
 .bss           0x0000000000013518        0x0 kernel/proc.o
 .bss           0x0000000000013518        0x0 kernel/systask.o
 *fill*         0x0000000000013518        0x8 
 .bss           0x0000000000013520      0x64c kernel/hd.o
 .bss           0x0000000000013b6c        0x0 lib/printf.o
 .bss           0x0000000000013b6c        0x0 lib/vsprintf.o
 .bss           0x0000000000013b6c        0x0 lib/klib.o
 .bss           0x0000000000013b6c        0x0 lib/misc.o
 .bss           0x0000000000013b6c        0x0 lib/open.o
 .bss           0x0000000000013b6c        0x0 lib/read.o
 .bss           0x0000000000013b6c        0x0 lib/write.o
 .bss           0x0000000000013b6c        0x0 lib/close.o
 .bss           0x0000000000013b6c        0x0 lib/unlink.o
 .bss           0x0000000000013b6c        0x0 lib/getpid.o
 .bss           0x0000000000013b6c        0x0 lib/syslog.o
 .bss           0x0000000000013b6c        0x0 fs/main.o
 .bss           0x0000000000013b6c        0x0 fs/open.o
 .bss           0x0000000000013b6c        0x0 fs/misc.o
 .bss           0x0000000000013b6c        0x0 fs/read_write.o
 .bss           0x0000000000013b6c        0x0 fs/link.o
 *fill*         0x0000000000013b6c       0x14 
 .bss           0x0000000000013b80      0x208 fs/disklog.o
 *(COMMON)
 *fill*         0x0000000000013d88       0x18 
 COMMON         0x0000000000013da0     0x5de0 kernel/main.o
                0x0000000000013da0                countError
                0x0000000000013dc0                fTreeArray
 COMMON         0x0000000000019b80    0x3b9ac kernel/global.o
                0x0000000000019b80                idt_ptr
                0x0000000000019ba0                inode_table
                0x000000000001a6a0                task_stack
                0x00000000000526a0                k_reenter
                0x00000000000526c0                gdt
                0x0000000000052ac0                current_console
                0x0000000000052ac4                pcaller
                0x0000000000052ae0                tty_table
                0x0000000000053b80                tss
                0x0000000000053c00                fs_msg
                0x0000000000053c40                f_desc_table
                0x0000000000053f40                root_inode
                0x0000000000053f44                disp_pos
                0x0000000000053f48                key_pressed
                0x0000000000053f4c                gdt_ptr
                0x0000000000053f60                idt
                0x0000000000054760                super_block
                0x0000000000054940                ticks
                0x0000000000054960                console_table
                0x00000000000549c0                irq_table
                0x0000000000054a00                p_proc_ready
                0x0000000000054a20                proc_table
 COMMON         0x000000000005552c       0x10 kernel/hd.o
                0x000000000005552c                PARTITION_ENTRY
                0x000000000005553c                . = ALIGN ((. != 0x0)?0x4:0x1)
                0x000000000005553c                . = ALIGN (0x4)
                0x000000000005553c                . = SEGMENT_START ("ldata-segment", .)
                0x000000000005553c                . = ALIGN (0x4)
                0x000000000005553c                _end = .
                0x000000000005553c                PROVIDE (end, .)
                0x000000000005553c                . = DATA_SEGMENT_END (.)

.stab
 *(.stab)

.stabstr
 *(.stabstr)

.stab.excl
 *(.stab.excl)

.stab.exclstr
 *(.stab.exclstr)

.stab.index
 *(.stab.index)

.stab.indexstr
 *(.stab.indexstr)

.comment        0x0000000000000000       0x29
 *(.comment)
 .comment       0x0000000000000000       0x29 kernel/start.o
                                         0x2a (size before relaxing)
 .comment       0x0000000000000000       0x2a kernel/main.o
 .comment       0x0000000000000000       0x2a kernel/clock.o
 .comment       0x0000000000000000       0x2a kernel/keyboard.o
 .comment       0x0000000000000000       0x2a kernel/tty.o
 .comment       0x0000000000000000       0x2a kernel/console.o
 .comment       0x0000000000000000       0x2a kernel/i8259.o
 .comment       0x0000000000000000       0x2a kernel/global.o
 .comment       0x0000000000000000       0x2a kernel/protect.o
 .comment       0x0000000000000000       0x2a kernel/proc.o
 .comment       0x0000000000000000       0x2a kernel/systask.o
 .comment       0x0000000000000000       0x2a kernel/hd.o
 .comment       0x0000000000000000       0x2a lib/printf.o
 .comment       0x0000000000000000       0x2a lib/vsprintf.o
 .comment       0x0000000000000000       0x2a lib/klib.o
 .comment       0x0000000000000000       0x2a lib/misc.o
 .comment       0x0000000000000000       0x2a lib/open.o
 .comment       0x0000000000000000       0x2a lib/read.o
 .comment       0x0000000000000000       0x2a lib/write.o
 .comment       0x0000000000000000       0x2a lib/close.o
 .comment       0x0000000000000000       0x2a lib/unlink.o
 .comment       0x0000000000000000       0x2a lib/getpid.o
 .comment       0x0000000000000000       0x2a lib/syslog.o
 .comment       0x0000000000000000       0x2a fs/main.o
 .comment       0x0000000000000000       0x2a fs/open.o
 .comment       0x0000000000000000       0x2a fs/misc.o
 .comment       0x0000000000000000       0x2a fs/read_write.o
 .comment       0x0000000000000000       0x2a fs/link.o
 .comment       0x0000000000000000       0x2a fs/disklog.o

.debug
 *(.debug)

.line
 *(.line)

.debug_srcinfo
 *(.debug_srcinfo)

.debug_sfnames
 *(.debug_sfnames)

.debug_aranges
 *(.debug_aranges)

.debug_pubnames
 *(.debug_pubnames)

.debug_info
 *(.debug_info .gnu.linkonce.wi.*)

.debug_abbrev
 *(.debug_abbrev)

.debug_line
 *(.debug_line .debug_line.* .debug_line_end)

.debug_frame
 *(.debug_frame)

.debug_str
 *(.debug_str)

.debug_loc
 *(.debug_loc)

.debug_macinfo
 *(.debug_macinfo)

.debug_weaknames
 *(.debug_weaknames)

.debug_funcnames
 *(.debug_funcnames)

.debug_typenames
 *(.debug_typenames)

.debug_varnames
 *(.debug_varnames)

.debug_pubtypes
 *(.debug_pubtypes)

.debug_ranges
 *(.debug_ranges)

.debug_macro
 *(.debug_macro)

.gnu.attributes
 *(.gnu.attributes)

/DISCARD/
 *(.note.GNU-stack)
 *(.gnu_debuglink)
 *(.gnu.lto_*)
OUTPUT(kernel.bin elf32-i386)
