
Allocating common symbols
Common symbol       size              file

idt_ptr             0x6               kernel/global.o
inode_table         0xb00             kernel/global.o
task_stack          0x38000           kernel/global.o
k_reenter           0x4               kernel/global.o
gdt                 0x400             kernel/global.o
current_console     0x4               kernel/global.o
pcaller             0x4               kernel/global.o
tty_table           0x1090            kernel/global.o
tss                 0x68              kernel/global.o
fs_msg              0x30              kernel/global.o
f_desc_table        0x300             kernel/global.o
root_inode          0x4               kernel/global.o
disp_pos            0x4               kernel/global.o
key_pressed         0x4               kernel/global.o
gdt_ptr             0x6               kernel/global.o
idt                 0x800             kernel/global.o
super_block         0x1e0             kernel/global.o
PARTITION_ENTRY     0x10              kernel/hd.o
ticks               0x4               kernel/global.o
console_table       0x50              kernel/global.o
irq_table           0x40              kernel/global.o
p_proc_ready        0x4               kernel/global.o
proc_table          0xb0c             kernel/global.o

Discarded input sections

 .note.GNU-stack
                0x0000000000000000        0x0 kernel/start.o
 .note.GNU-stack
                0x0000000000000000        0x0 kernel/main.o
 .note.GNU-stack
                0x0000000000000000        0x0 kernel/clock.o
 .note.GNU-stack
                0x0000000000000000        0x0 kernel/keyboard.o
 .note.GNU-stack
                0x0000000000000000        0x0 kernel/tty.o
 .note.GNU-stack
                0x0000000000000000        0x0 kernel/console.o
 .note.GNU-stack
                0x0000000000000000        0x0 kernel/i8259.o
 .note.GNU-stack
                0x0000000000000000        0x0 kernel/global.o
 .note.GNU-stack
                0x0000000000000000        0x0 kernel/protect.o
 .note.GNU-stack
                0x0000000000000000        0x0 kernel/proc.o
 .note.GNU-stack
                0x0000000000000000        0x0 kernel/systask.o
 .note.GNU-stack
                0x0000000000000000        0x0 kernel/hd.o
 .note.GNU-stack
                0x0000000000000000        0x0 lib/printf.o
 .note.GNU-stack
                0x0000000000000000        0x0 lib/vsprintf.o
 .note.GNU-stack
                0x0000000000000000        0x0 lib/klib.o
 .note.GNU-stack
                0x0000000000000000        0x0 lib/misc.o
 .note.GNU-stack
                0x0000000000000000        0x0 lib/open.o
 .note.GNU-stack
                0x0000000000000000        0x0 lib/read.o
 .note.GNU-stack
                0x0000000000000000        0x0 lib/write.o
 .note.GNU-stack
                0x0000000000000000        0x0 lib/close.o
 .note.GNU-stack
                0x0000000000000000        0x0 lib/unlink.o
 .note.GNU-stack
                0x0000000000000000        0x0 lib/getpid.o
 .note.GNU-stack
                0x0000000000000000        0x0 lib/syslog.o
 .note.GNU-stack
                0x0000000000000000        0x0 fs/main.o
 .note.GNU-stack
                0x0000000000000000        0x0 fs/open.o
 .note.GNU-stack
                0x0000000000000000        0x0 fs/misc.o
 .note.GNU-stack
                0x0000000000000000        0x0 fs/read_write.o
 .note.GNU-stack
                0x0000000000000000        0x0 fs/link.o
 .note.GNU-stack
                0x0000000000000000        0x0 fs/disklog.o

Memory Configuration

Name             Origin             Length             Attributes
*default*        0x0000000000000000 0xffffffffffffffff

Linker script and memory map

Address of section .text set to 0x1000
LOAD kernel/kernel.o
LOAD lib/syscall.o
LOAD kernel/start.o
LOAD kernel/main.o
LOAD kernel/clock.o
LOAD kernel/keyboard.o
LOAD kernel/tty.o
LOAD kernel/console.o
LOAD kernel/i8259.o
LOAD kernel/global.o
LOAD kernel/protect.o
LOAD kernel/proc.o
LOAD kernel/systask.o
LOAD kernel/hd.o
LOAD lib/printf.o
LOAD lib/vsprintf.o
LOAD lib/kliba.o
LOAD lib/klib.o
LOAD lib/string.o
LOAD lib/misc.o
LOAD lib/open.o
LOAD lib/read.o
LOAD lib/write.o
LOAD lib/close.o
LOAD lib/unlink.o
LOAD lib/getpid.o
LOAD lib/syslog.o
LOAD fs/main.o
LOAD fs/open.o
LOAD fs/misc.o
LOAD fs/read_write.o
LOAD fs/link.o
LOAD fs/disklog.o
                0x0000000008048000                PROVIDE (__executable_start, 0x8048000)
                0x0000000008048094                . = (0x8048000 + SIZEOF_HEADERS)

.interp
 *(.interp)

.note.gnu.build-id
 *(.note.gnu.build-id)

.hash
 *(.hash)

.gnu.hash
 *(.gnu.hash)

.dynsym
 *(.dynsym)

.dynstr
 *(.dynstr)

.gnu.version
 *(.gnu.version)

.gnu.version_d
 *(.gnu.version_d)

.gnu.version_r
 *(.gnu.version_r)

.rel.dyn        0x0000000008048094        0x0
 *(.rel.init)
 *(.rel.text .rel.text.* .rel.gnu.linkonce.t.*)
 .rel.text      0x0000000000000000        0x0 kernel/kernel.o
 *(.rel.fini)
 *(.rel.rodata .rel.rodata.* .rel.gnu.linkonce.r.*)
 *(.rel.data.rel.ro* .rel.gnu.linkonce.d.rel.ro.*)
 *(.rel.data .rel.data.* .rel.gnu.linkonce.d.*)
 .rel.data      0x0000000000000000        0x0 kernel/kernel.o
 *(.rel.tdata .rel.tdata.* .rel.gnu.linkonce.td.*)
 *(.rel.tbss .rel.tbss.* .rel.gnu.linkonce.tb.*)
 *(.rel.ctors)
 *(.rel.dtors)
 *(.rel.got)
 *(.rel.bss .rel.bss.* .rel.gnu.linkonce.b.*)
 *(.rel.ifunc)

.rel.plt        0x0000000008048094        0x0
 *(.rel.plt)
                0x0000000008048094                PROVIDE (__rel_iplt_start, .)
 *(.rel.iplt)
 .rel.iplt      0x0000000000000000        0x0 kernel/kernel.o
                0x0000000008048094                PROVIDE (__rel_iplt_end, .)

.init
 *(.init)

.plt            0x00000000080480a0        0x0
 *(.plt)
 *(.iplt)
 .iplt          0x0000000000000000        0x0 kernel/kernel.o

.text           0x0000000000001000     0xab60
 *(.text.unlikely .text.*_unlikely)
 *(.text.exit .text.exit.*)
 *(.text.startup .text.startup.*)
 *(.text.hot .text.hot.*)
 *(.text .stub .text.* .gnu.linkonce.t.*)
 .text          0x0000000000001000      0x410 kernel/kernel.o
                0x0000000000001000                _start
                0x0000000000001040                hwint00
                0x0000000000001070                hwint01
                0x00000000000010a0                hwint02
                0x00000000000010d0                hwint03
                0x0000000000001100                hwint04
                0x0000000000001130                hwint05
                0x0000000000001160                hwint06
                0x0000000000001190                hwint07
                0x00000000000011c0                hwint08
                0x00000000000011f0                hwint09
                0x0000000000001220                hwint10
                0x0000000000001250                hwint11
                0x0000000000001280                hwint12
                0x00000000000012b0                hwint13
                0x00000000000012e0                hwint14
                0x0000000000001310                hwint15
                0x0000000000001334                divide_error
                0x000000000000133a                single_step_exception
                0x0000000000001340                nmi
                0x0000000000001346                breakpoint_exception
                0x000000000000134c                overflow
                0x0000000000001352                bounds_check
                0x0000000000001358                inval_opcode
                0x000000000000135e                copr_not_available
                0x0000000000001364                double_fault
                0x0000000000001368                copr_seg_overrun
                0x000000000000136e                inval_tss
                0x0000000000001372                segment_not_present
                0x0000000000001376                stack_exception
                0x000000000000137a                general_protection
                0x000000000000137e                page_fault
                0x0000000000001382                copr_error
                0x00000000000013cb                sys_call
                0x00000000000013eb                restart
 .text          0x0000000000001410       0x28 lib/syscall.o
                0x0000000000001410                sendrec
                0x000000000000142a                printx
 .text          0x0000000000001438       0x8e kernel/start.o
                0x0000000000001438                cstart
 *fill*         0x00000000000014c6        0x2 90909090
 .text          0x00000000000014c8      0xeb9 kernel/main.o
                0x00000000000014c8                kernel_main
                0x0000000000001759                get_ticks
                0x0000000000001791                TestA
                0x0000000000001b54                timer
                0x0000000000001c0f                TestB
                0x000000000000207a                TestC
                0x000000000000209a                panic
                0x00000000000020ea                clear
                0x000000000000214f                help
                0x00000000000021b7                startAnimate
                0x00000000000022ea                ProcessManage
 *fill*         0x0000000000002381        0x3 90909090
 .text          0x0000000000002384      0x119 kernel/clock.o
                0x0000000000002384                clock_handler
                0x00000000000023fe                milli_delay
                0x0000000000002439                init_clock
 *fill*         0x000000000000249d        0x3 90909090
 .text          0x00000000000024a0      0x6cc kernel/keyboard.o
                0x00000000000024a0                keyboard_handler
                0x0000000000002506                init_keyboard
                0x00000000000025b5                keyboard_read
 .text          0x0000000000002b6c      0x9d7 kernel/tty.o
                0x0000000000002b6c                task_tty
                0x0000000000002d20                in_process
                0x0000000000003247                sys_printx
                0x00000000000033e8                dump_tty_buf
 *fill*         0x0000000000003543        0x1 90909090
 .text          0x0000000000003544      0x7f2 kernel/console.o
                0x0000000000003544                init_screen
                0x00000000000036b0                out_char
                0x0000000000003976                clear_screen
                0x00000000000039ab                is_current_console
                0x00000000000039cf                set_cursor
                0x0000000000003a38                set_video_start_addr
                0x0000000000003aa1                select_console
                0x0000000000003ade                scroll_screen
                0x0000000000003cd0                flush
 *fill*         0x0000000000003d36        0x2 90909090
 .text          0x0000000000003d38      0x13c kernel/i8259.o
                0x0000000000003d38                init_8259A
                0x0000000000003e29                spurious_irq
                0x0000000000003e54                put_irq_handler
 .text          0x0000000000003e74        0x0 kernel/global.o
 .text          0x0000000000003e74      0x7eb kernel/protect.o
                0x0000000000003e74                init_prot
                0x0000000000004475                seg2phys
                0x0000000000004530                exception_handler
 *fill*         0x000000000000465f        0x1 90909090
 .text          0x0000000000004660     0x1a06 kernel/proc.o
                0x0000000000004660                schedule
                0x00000000000046eb                sys_sendrec
                0x000000000000484a                send_recv
                0x000000000000492b                ldt_seg_linear
                0x000000000000496e                va2la
                0x00000000000049db                reset_msg
                0x00000000000059e4                inform_int
                0x0000000000005b84                dump_proc
                0x0000000000005f1f                dump_msg
 *fill*         0x0000000000006066        0x2 90909090
 .text          0x0000000000006068       0x95 kernel/systask.o
                0x0000000000006068                task_sys
 *fill*         0x00000000000060fd        0x3 90909090
 .text          0x0000000000006100      0xe8f kernel/hd.o
                0x0000000000006100                task_hd
                0x0000000000006f6a                hd_handler
 *fill*         0x0000000000006f8f        0x1 90909090
 .text          0x0000000000006f90       0xc0 lib/printf.o
                0x0000000000006f90                printf
                0x000000000000700f                printl
 .text          0x0000000000007050      0x31e lib/vsprintf.o
                0x00000000000070bb                vsprintf
                0x0000000000007344                sprintf
 *fill*         0x000000000000736e        0x2 90909090
 .text          0x0000000000007370      0x19b lib/kliba.o
                0x0000000000007370                disp_str
                0x00000000000073ae                sleep
                0x00000000000073af                disp_color_str
                0x00000000000073ee                out_byte
                0x00000000000073fa                in_byte
                0x0000000000007404                port_read
                0x0000000000007417                port_write
                0x000000000000742a                disable_irq
                0x000000000000745f                enable_irq
                0x000000000000747e                disable_int
                0x0000000000007480                enable_int
                0x0000000000007482                glitter
 *fill*         0x000000000000750b        0x1 90909090
 .text          0x000000000000750c      0x1d2 lib/klib.o
                0x000000000000750c                itoa
                0x00000000000075b6                atoi
                0x0000000000007673                disp_int
                0x0000000000007698                delay
 *fill*         0x00000000000076de        0x2 90909090
 .text          0x00000000000076e0       0x78 lib/string.o
                0x00000000000076e0                memcpy
                0x0000000000007709                memset
                0x000000000000772a                strcpy
                0x0000000000007742                strlen
 .text          0x0000000000007758      0x1b1 lib/misc.o
                0x0000000000007758                memcmp
                0x00000000000077d2                strcmp
                0x0000000000007849                strcat
                0x00000000000078a8                spin
                0x00000000000078c3                assertion_failure
 *fill*         0x0000000000007909        0x3 90909090
 .text          0x000000000000790c       0x73 lib/open.o
                0x000000000000790c                open
 *fill*         0x000000000000797f        0x1 90909090
 .text          0x0000000000007980       0x3f lib/read.o
                0x0000000000007980                read
 *fill*         0x00000000000079bf        0x1 90909090
 .text          0x00000000000079c0       0x3f lib/write.o
                0x00000000000079c0                write
 *fill*         0x00000000000079ff        0x1 90909090
 .text          0x0000000000007a00       0x33 lib/close.o
                0x0000000000007a00                close
 *fill*         0x0000000000007a33        0x1 90909090
 .text          0x0000000000007a34       0x41 lib/unlink.o
                0x0000000000007a34                unlink
 *fill*         0x0000000000007a75        0x3 90909090
 .text          0x0000000000007a78       0x59 lib/getpid.o
                0x0000000000007a78                getpid
 *fill*         0x0000000000007ad1        0x3 90909090
 .text          0x0000000000007ad4       0xdb lib/syslog.o
                0x0000000000007ad4                syslog
 *fill*         0x0000000000007baf        0x1 90909090
 .text          0x0000000000007bb0      0xee6 fs/main.o
                0x0000000000007bb0                task_fs
                0x0000000000008524                rw_sector
                0x000000000000876b                get_super_block
                0x00000000000087b1                get_inode
                0x000000000000892a                put_inode
                0x000000000000896f                sync_inode
 *fill*         0x0000000000008a96        0x2 90909090
 .text          0x0000000000008a98      0xb6a fs/open.o
                0x0000000000008a98                do_open
                0x0000000000008f3e                do_close
                0x0000000000008f96                do_lseek
 *fill*         0x0000000000009602        0x2 90909090
 .text          0x0000000000009604      0x20b fs/misc.o
                0x0000000000009604                search_file
                0x0000000000009783                strip_path
 *fill*         0x000000000000980f        0x1 90909090
 .text          0x0000000000009810      0x52e fs/read_write.o
                0x0000000000009810                do_rdwt
 *fill*         0x0000000000009d3e        0x2 90909090
 .text          0x0000000000009d40      0x944 fs/link.o
                0x0000000000009d40                do_unlink
 .text          0x000000000000a684     0x14dc fs/disklog.o
                0x000000000000a684                do_disklog
                0x000000000000a72d                disklog
                0x000000000000ad03                dump_fd_graph
 *(.gnu.warning)

.fini
 *(.fini)
                0x000000000000bb60                PROVIDE (__etext, .)
                0x000000000000bb60                PROVIDE (_etext, .)
                0x000000000000bb60                PROVIDE (etext, .)

.rodata         0x000000000000bb60     0x2a17
 *(.rodata .rodata.* .gnu.linkonce.r.*)
 .rodata        0x000000000000bb60       0x47 kernel/start.o
 *fill*         0x000000000000bba7        0x1 00
 .rodata        0x000000000000bba8      0xd26 kernel/main.o
 *fill*         0x000000000000c8ce        0x2 00
 .rodata        0x000000000000c8d0       0x64 kernel/keyboard.o
 .rodata        0x000000000000c934      0x13c kernel/tty.o
 .rodata        0x000000000000ca70       0x5b kernel/console.o
 .rodata        0x000000000000cacb       0x11 kernel/i8259.o
 .rodata        0x000000000000cadc        0x4 kernel/global.o
                0x000000000000cadc                FSBUF_SIZE
 .rodata        0x000000000000cae0      0x540 kernel/protect.o
 .rodata        0x000000000000d020      0x62e kernel/proc.o
 .rodata        0x000000000000d64e       0x11 kernel/systask.o
 *fill*         0x000000000000d65f        0x1 00
 .rodata        0x000000000000d660      0x1ba kernel/hd.o
 .rodata        0x000000000000d81a       0x14 lib/printf.o
 *fill*         0x000000000000d82e        0x2 00
 .rodata        0x000000000000d830       0x61 lib/misc.o
 .rodata        0x000000000000d891       0x23 lib/open.o
 .rodata        0x000000000000d8b4       0x25 lib/getpid.o
 .rodata        0x000000000000d8d9       0x32 lib/syslog.o
 *fill*         0x000000000000d90b        0x1 00
 .rodata        0x000000000000d90c      0x206 fs/main.o
 *fill*         0x000000000000db12        0x2 00
 .rodata        0x000000000000db14      0x138 fs/open.o
 .rodata        0x000000000000dc4c      0x164 fs/read_write.o
 .rodata        0x000000000000ddb0      0x19d fs/link.o
 *fill*         0x000000000000df4d        0x3 00
 .rodata        0x000000000000df50      0x627 fs/disklog.o

.rodata1
 *(.rodata1)

.eh_frame_hdr
 *(.eh_frame_hdr)

.eh_frame       0x000000000000e578     0x1090
 *(.eh_frame)
 .eh_frame      0x000000000000e578       0x38 kernel/start.o
 .eh_frame      0x000000000000e5b0      0x158 kernel/main.o
                                        0x170 (size before relaxing)
 .eh_frame      0x000000000000e708       0x60 kernel/clock.o
                                         0x78 (size before relaxing)
 .eh_frame      0x000000000000e768       0xe0 kernel/keyboard.o
                                         0xf8 (size before relaxing)
 .eh_frame      0x000000000000e848      0x13c kernel/tty.o
                                        0x154 (size before relaxing)
 .eh_frame      0x000000000000e984      0x148 kernel/console.o
                                        0x160 (size before relaxing)
 .eh_frame      0x000000000000eacc       0x60 kernel/i8259.o
                                         0x78 (size before relaxing)
 .eh_frame      0x000000000000eb2c       0xb0 kernel/protect.o
                                         0xc8 (size before relaxing)
 .eh_frame      0x000000000000ebdc      0x1e0 kernel/proc.o
                                        0x1f8 (size before relaxing)
 .eh_frame      0x000000000000edbc       0x1c kernel/systask.o
                                         0x34 (size before relaxing)
 .eh_frame      0x000000000000edd8      0x1f4 kernel/hd.o
                                        0x20c (size before relaxing)
 .eh_frame      0x000000000000efcc       0x40 lib/printf.o
                                         0x58 (size before relaxing)
 .eh_frame      0x000000000000f00c       0x68 lib/vsprintf.o
                                         0x80 (size before relaxing)
 .eh_frame      0x000000000000f074       0x84 lib/klib.o
                                         0x9c (size before relaxing)
 .eh_frame      0x000000000000f0f8       0x9c lib/misc.o
                                         0xb4 (size before relaxing)
 .eh_frame      0x000000000000f194       0x20 lib/open.o
                                         0x38 (size before relaxing)
 .eh_frame      0x000000000000f1b4       0x20 lib/read.o
                                         0x38 (size before relaxing)
 .eh_frame      0x000000000000f1d4       0x20 lib/write.o
                                         0x38 (size before relaxing)
 .eh_frame      0x000000000000f1f4       0x20 lib/close.o
                                         0x38 (size before relaxing)
 .eh_frame      0x000000000000f214       0x20 lib/unlink.o
                                         0x38 (size before relaxing)
 .eh_frame      0x000000000000f234       0x20 lib/getpid.o
                                         0x38 (size before relaxing)
 .eh_frame      0x000000000000f254       0x20 lib/syslog.o
                                         0x38 (size before relaxing)
 .eh_frame      0x000000000000f274      0x13c fs/main.o
                                        0x154 (size before relaxing)
 .eh_frame      0x000000000000f3b0      0x130 fs/open.o
                                        0x148 (size before relaxing)
 .eh_frame      0x000000000000f4e0       0x48 fs/misc.o
                                         0x60 (size before relaxing)
 .eh_frame      0x000000000000f528       0x2c fs/read_write.o
                                         0x44 (size before relaxing)
 .eh_frame      0x000000000000f554       0x30 fs/link.o
                                         0x48 (size before relaxing)
 .eh_frame      0x000000000000f584       0x84 fs/disklog.o
                                         0x9c (size before relaxing)

.gcc_except_table
 *(.gcc_except_table .gcc_except_table.*)

.exception_ranges
 *(.exception_ranges .exception_ranges*)
                0x000000000000f608                . = (ALIGN (0x1000) - ((0x1000 - .) & 0xfff))
                0x0000000000010608                . = DATA_SEGMENT_ALIGN (0x1000, 0x1000)

.eh_frame
 *(.eh_frame)

.gcc_except_table
 *(.gcc_except_table .gcc_except_table.*)

.exception_ranges
 *(.exception_ranges .exception_ranges*)

.tdata
 *(.tdata .tdata.* .gnu.linkonce.td.*)

.tbss
 *(.tbss .tbss.* .gnu.linkonce.tb.*)
 *(.tcommon)

.preinit_array  0x0000000000010608        0x0
                0x0000000000010608                PROVIDE (__preinit_array_start, .)
 *(.preinit_array)
                0x0000000000010608                PROVIDE (__preinit_array_end, .)

.init_array     0x0000000000010608        0x0
                0x0000000000010608                PROVIDE (__init_array_start, .)
 *(SORT(.init_array.*) SORT(.ctors.*))
 *(.init_array)
 *(EXCLUDE_FILE(*crtend?.o *crtend.o *crtbegin?.o *crtbegin.o) .ctors)
                0x0000000000010608                PROVIDE (__init_array_end, .)

.fini_array     0x0000000000010608        0x0
                0x0000000000010608                PROVIDE (__fini_array_start, .)
 *(SORT(.fini_array.*) SORT(.dtors.*))
 *(.fini_array)
 *(EXCLUDE_FILE(*crtend?.o *crtend.o *crtbegin?.o *crtbegin.o) .dtors)
                0x0000000000010608                PROVIDE (__fini_array_end, .)

.ctors
 *crtbegin.o(.ctors)
 *crtbegin?.o(.ctors)
 *(EXCLUDE_FILE(*crtend?.o *crtend.o) .ctors)
 *(SORT(.ctors.*))
 *(.ctors)

.dtors
 *crtbegin.o(.dtors)
 *crtbegin?.o(.dtors)
 *(EXCLUDE_FILE(*crtend?.o *crtend.o) .dtors)
 *(SORT(.dtors.*))
 *(.dtors)

.jcr
 *(.jcr)

.data.rel.ro
 *(.data.rel.ro.local* .gnu.linkonce.d.rel.ro.local.*)
 *(.data.rel.ro* .gnu.linkonce.d.rel.ro.*)

.dynamic
 *(.dynamic)

.got
 *(.got)
 *(.igot)
                0x0000000000010608                . = DATA_SEGMENT_RELRO_END (., 0xc)

.got.plt        0x0000000000010608        0x0
 *(.got.plt)
 *(.igot.plt)
 .igot.plt      0x0000000000000000        0x0 kernel/kernel.o

.data           0x0000000000010620      0x7a0
 *(.data .data.* .gnu.linkonce.d.*)
 .data          0x0000000000010620        0x2 kernel/kernel.o
 *fill*         0x0000000000010622        0x2 00
 .data          0x0000000000010624        0x0 kernel/start.o
 .data          0x0000000000010624        0x0 kernel/main.o
 .data          0x0000000000010624        0x0 kernel/clock.o
 *fill*         0x0000000000010624       0x1c 00
 .data          0x0000000000010640      0x600 kernel/keyboard.o
                0x0000000000010640                keymap
 .data          0x0000000000010c40       0x22 kernel/tty.o
 *fill*         0x0000000000010c62        0x2 00
 .data          0x0000000000010c64        0x0 kernel/console.o
 .data          0x0000000000010c64        0x0 kernel/i8259.o
 *fill*         0x0000000000010c64       0x1c 00
 .data          0x0000000000010c80      0x140 kernel/global.o
                0x0000000000010c80                task_table
                0x0000000000010d20                user_proc_table
                0x0000000000010d98                sys_call_table
                0x0000000000010da4                dd_map
                0x0000000000010dbc                fsbuf
 .data          0x0000000000010dc0        0x0 kernel/protect.o
 .data          0x0000000000010dc0        0x0 kernel/proc.o
 .data          0x0000000000010dc0        0x0 kernel/systask.o
 .data          0x0000000000010dc0        0x0 kernel/hd.o
 .data          0x0000000000010dc0        0x0 lib/printf.o
 .data          0x0000000000010dc0        0x0 lib/vsprintf.o
 .data          0x0000000000010dc0        0x0 lib/klib.o
 .data          0x0000000000010dc0        0x0 lib/misc.o
 .data          0x0000000000010dc0        0x0 lib/open.o
 .data          0x0000000000010dc0        0x0 lib/read.o
 .data          0x0000000000010dc0        0x0 lib/write.o
 .data          0x0000000000010dc0        0x0 lib/close.o
 .data          0x0000000000010dc0        0x0 lib/unlink.o
 .data          0x0000000000010dc0        0x0 lib/getpid.o
 .data          0x0000000000010dc0        0x0 lib/syslog.o
 .data          0x0000000000010dc0        0x0 fs/main.o
 .data          0x0000000000010dc0        0x0 fs/open.o
 .data          0x0000000000010dc0        0x0 fs/misc.o
 .data          0x0000000000010dc0        0x0 fs/read_write.o
 .data          0x0000000000010dc0        0x0 fs/link.o
 .data          0x0000000000010dc0        0x0 fs/disklog.o

.data1
 *(.data1)
                0x0000000000010dc0                _edata = .
                0x0000000000010dc0                PROVIDE (edata, .)
                0x0000000000010dc0                __bss_start = .

.bss            0x0000000000010dc0    0x3ca9c
 *(.dynbss)
 *(.bss .bss.* .gnu.linkonce.b.*)
 .bss           0x0000000000010dc0      0x800 kernel/kernel.o
 .bss           0x00000000000115c0        0x0 kernel/start.o
 .bss           0x00000000000115c0        0x0 kernel/main.o
 .bss           0x00000000000115c0        0x0 kernel/clock.o
 .bss           0x00000000000115c0       0x58 kernel/keyboard.o
 .bss           0x0000000000011618        0x0 kernel/tty.o
 .bss           0x0000000000011618        0x0 kernel/console.o
 .bss           0x0000000000011618        0x0 kernel/i8259.o
 .bss           0x0000000000011618        0x0 kernel/global.o
 .bss           0x0000000000011618        0x0 kernel/protect.o
 .bss           0x0000000000011618        0x0 kernel/proc.o
 .bss           0x0000000000011618        0x0 kernel/systask.o
 *fill*         0x0000000000011618        0x8 00
 .bss           0x0000000000011620      0x64c kernel/hd.o
 .bss           0x0000000000011c6c        0x0 lib/printf.o
 .bss           0x0000000000011c6c        0x0 lib/vsprintf.o
 .bss           0x0000000000011c6c        0x0 lib/klib.o
 .bss           0x0000000000011c6c        0x0 lib/misc.o
 .bss           0x0000000000011c6c        0x0 lib/open.o
 .bss           0x0000000000011c6c        0x0 lib/read.o
 .bss           0x0000000000011c6c        0x0 lib/write.o
 .bss           0x0000000000011c6c        0x0 lib/close.o
 .bss           0x0000000000011c6c        0x0 lib/unlink.o
 .bss           0x0000000000011c6c        0x0 lib/getpid.o
 .bss           0x0000000000011c6c        0x0 lib/syslog.o
 .bss           0x0000000000011c6c        0x0 fs/main.o
 .bss           0x0000000000011c6c        0x0 fs/open.o
 .bss           0x0000000000011c6c        0x0 fs/misc.o
 .bss           0x0000000000011c6c        0x0 fs/read_write.o
 .bss           0x0000000000011c6c        0x0 fs/link.o
 *fill*         0x0000000000011c6c       0x14 00
 .bss           0x0000000000011c80      0x208 fs/disklog.o
 *(COMMON)
 *fill*         0x0000000000011e88       0x18 00
 COMMON         0x0000000000011ea0    0x3b9ac kernel/global.o
                0x0000000000011ea0                idt_ptr
                0x0000000000011ec0                inode_table
                0x00000000000129c0                task_stack
                0x000000000004a9c0                k_reenter
                0x000000000004a9e0                gdt
                0x000000000004ade0                current_console
                0x000000000004ade4                pcaller
                0x000000000004ae00                tty_table
                0x000000000004bea0                tss
                0x000000000004bf20                fs_msg
                0x000000000004bf60                f_desc_table
                0x000000000004c260                root_inode
                0x000000000004c264                disp_pos
                0x000000000004c268                key_pressed
                0x000000000004c26c                gdt_ptr
                0x000000000004c280                idt
                0x000000000004ca80                super_block
                0x000000000004cc60                ticks
                0x000000000004cc80                console_table
                0x000000000004cce0                irq_table
                0x000000000004cd20                p_proc_ready
                0x000000000004cd40                proc_table
 COMMON         0x000000000004d84c       0x10 kernel/hd.o
                0x000000000004d84c                PARTITION_ENTRY
                0x000000000004d85c                . = ALIGN ((. != 0x0)?0x4:0x1)
                0x000000000004d85c                . = ALIGN (0x4)
                0x000000000004d85c                . = ALIGN (0x4)
                0x000000000004d85c                _end = .
                0x000000000004d85c                PROVIDE (end, .)
                0x000000000004d85c                . = DATA_SEGMENT_END (.)

.stab
 *(.stab)

.stabstr
 *(.stabstr)

.stab.excl
 *(.stab.excl)

.stab.exclstr
 *(.stab.exclstr)

.stab.index
 *(.stab.index)

.stab.indexstr
 *(.stab.indexstr)

.comment        0x0000000000000000       0x2a
 *(.comment)
 .comment       0x0000000000000000       0x2a kernel/start.o
                                         0x2b (size before relaxing)
 .comment       0x0000000000000000       0x2b kernel/main.o
 .comment       0x0000000000000000       0x2b kernel/clock.o
 .comment       0x0000000000000000       0x2b kernel/keyboard.o
 .comment       0x0000000000000000       0x2b kernel/tty.o
 .comment       0x0000000000000000       0x2b kernel/console.o
 .comment       0x0000000000000000       0x2b kernel/i8259.o
 .comment       0x0000000000000000       0x2b kernel/global.o
 .comment       0x0000000000000000       0x2b kernel/protect.o
 .comment       0x0000000000000000       0x2b kernel/proc.o
 .comment       0x0000000000000000       0x2b kernel/systask.o
 .comment       0x0000000000000000       0x2b kernel/hd.o
 .comment       0x0000000000000000       0x2b lib/printf.o
 .comment       0x0000000000000000       0x2b lib/vsprintf.o
 .comment       0x0000000000000000       0x2b lib/klib.o
 .comment       0x0000000000000000       0x2b lib/misc.o
 .comment       0x0000000000000000       0x2b lib/open.o
 .comment       0x0000000000000000       0x2b lib/read.o
 .comment       0x0000000000000000       0x2b lib/write.o
 .comment       0x0000000000000000       0x2b lib/close.o
 .comment       0x0000000000000000       0x2b lib/unlink.o
 .comment       0x0000000000000000       0x2b lib/getpid.o
 .comment       0x0000000000000000       0x2b lib/syslog.o
 .comment       0x0000000000000000       0x2b fs/main.o
 .comment       0x0000000000000000       0x2b fs/open.o
 .comment       0x0000000000000000       0x2b fs/misc.o
 .comment       0x0000000000000000       0x2b fs/read_write.o
 .comment       0x0000000000000000       0x2b fs/link.o
 .comment       0x0000000000000000       0x2b fs/disklog.o

.debug
 *(.debug)

.line
 *(.line)

.debug_srcinfo
 *(.debug_srcinfo)

.debug_sfnames
 *(.debug_sfnames)

.debug_aranges
 *(.debug_aranges)

.debug_pubnames
 *(.debug_pubnames)

.debug_info
 *(.debug_info .gnu.linkonce.wi.*)

.debug_abbrev
 *(.debug_abbrev)

.debug_line
 *(.debug_line)

.debug_frame
 *(.debug_frame)

.debug_str
 *(.debug_str)

.debug_loc
 *(.debug_loc)

.debug_macinfo
 *(.debug_macinfo)

.debug_weaknames
 *(.debug_weaknames)

.debug_funcnames
 *(.debug_funcnames)

.debug_typenames
 *(.debug_typenames)

.debug_varnames
 *(.debug_varnames)

.debug_pubtypes
 *(.debug_pubtypes)

.debug_ranges
 *(.debug_ranges)

.gnu.attributes
 *(.gnu.attributes)

/DISCARD/
 *(.note.GNU-stack)
 *(.gnu_debuglink)
 *(.gnu.lto_*)
OUTPUT(kernel.bin elf32-i386)
