
Allocating common symbols
Common symbol       size              file

idt_ptr             0x6               kernel/global.o
inode_table         0xb00             kernel/global.o
task_stack          0x38000           kernel/global.o
k_reenter           0x4               kernel/global.o
gdt                 0x400             kernel/global.o
current_console     0x4               kernel/global.o
pcaller             0x4               kernel/global.o
tty_table           0x1090            kernel/global.o
tss                 0x68              kernel/global.o
fs_msg              0x30              kernel/global.o
f_desc_table        0x300             kernel/global.o
root_inode          0x4               kernel/global.o
disp_pos            0x4               kernel/global.o
key_pressed         0x4               kernel/global.o
gdt_ptr             0x6               kernel/global.o
idt                 0x800             kernel/global.o
super_block         0x1e0             kernel/global.o
PARTITION_ENTRY     0x10              kernel/hd.o
ticks               0x4               kernel/global.o
countError          0x4               kernel/main.o
console_table       0x50              kernel/global.o
irq_table           0x40              kernel/global.o
p_proc_ready        0x4               kernel/global.o
proc_table          0xb0c             kernel/global.o

Discarded input sections

 .note.GNU-stack
                0x0000000000000000        0x0 kernel/start.o
 .note.GNU-stack
                0x0000000000000000        0x0 kernel/main.o
 .note.GNU-stack
                0x0000000000000000        0x0 kernel/clock.o
 .note.GNU-stack
                0x0000000000000000        0x0 kernel/keyboard.o
 .note.GNU-stack
                0x0000000000000000        0x0 kernel/tty.o
 .note.GNU-stack
                0x0000000000000000        0x0 kernel/console.o
 .note.GNU-stack
                0x0000000000000000        0x0 kernel/i8259.o
 .note.GNU-stack
                0x0000000000000000        0x0 kernel/global.o
 .note.GNU-stack
                0x0000000000000000        0x0 kernel/protect.o
 .note.GNU-stack
                0x0000000000000000        0x0 kernel/proc.o
 .note.GNU-stack
                0x0000000000000000        0x0 kernel/systask.o
 .note.GNU-stack
                0x0000000000000000        0x0 kernel/hd.o
 .note.GNU-stack
                0x0000000000000000        0x0 lib/printf.o
 .note.GNU-stack
                0x0000000000000000        0x0 lib/vsprintf.o
 .note.GNU-stack
                0x0000000000000000        0x0 lib/klib.o
 .note.GNU-stack
                0x0000000000000000        0x0 lib/misc.o
 .note.GNU-stack
                0x0000000000000000        0x0 lib/open.o
 .note.GNU-stack
                0x0000000000000000        0x0 lib/read.o
 .note.GNU-stack
                0x0000000000000000        0x0 lib/write.o
 .note.GNU-stack
                0x0000000000000000        0x0 lib/close.o
 .note.GNU-stack
                0x0000000000000000        0x0 lib/unlink.o
 .note.GNU-stack
                0x0000000000000000        0x0 lib/getpid.o
 .note.GNU-stack
                0x0000000000000000        0x0 lib/syslog.o
 .note.GNU-stack
                0x0000000000000000        0x0 fs/main.o
 .note.GNU-stack
                0x0000000000000000        0x0 fs/open.o
 .note.GNU-stack
                0x0000000000000000        0x0 fs/misc.o
 .note.GNU-stack
                0x0000000000000000        0x0 fs/read_write.o
 .note.GNU-stack
                0x0000000000000000        0x0 fs/link.o
 .note.GNU-stack
                0x0000000000000000        0x0 fs/disklog.o

Memory Configuration

Name             Origin             Length             Attributes
*default*        0x0000000000000000 0xffffffffffffffff

Linker script and memory map

Address of section .text set to 0x1000
LOAD kernel/kernel.o
LOAD lib/syscall.o
LOAD kernel/start.o
LOAD kernel/main.o
LOAD kernel/clock.o
LOAD kernel/keyboard.o
LOAD kernel/tty.o
LOAD kernel/console.o
LOAD kernel/i8259.o
LOAD kernel/global.o
LOAD kernel/protect.o
LOAD kernel/proc.o
LOAD kernel/systask.o
LOAD kernel/hd.o
LOAD lib/printf.o
LOAD lib/vsprintf.o
LOAD lib/kliba.o
LOAD lib/klib.o
LOAD lib/string.o
LOAD lib/misc.o
LOAD lib/open.o
LOAD lib/read.o
LOAD lib/write.o
LOAD lib/close.o
LOAD lib/unlink.o
LOAD lib/getpid.o
LOAD lib/syslog.o
LOAD fs/main.o
LOAD fs/open.o
LOAD fs/misc.o
LOAD fs/read_write.o
LOAD fs/link.o
LOAD fs/disklog.o
                0x0000000008048000                PROVIDE (__executable_start, 0x8048000)
                0x0000000008048094                . = (0x8048000 + SIZEOF_HEADERS)

.interp
 *(.interp)

.note.gnu.build-id
 *(.note.gnu.build-id)

.hash
 *(.hash)

.gnu.hash
 *(.gnu.hash)

.dynsym
 *(.dynsym)

.dynstr
 *(.dynstr)

.gnu.version
 *(.gnu.version)

.gnu.version_d
 *(.gnu.version_d)

.gnu.version_r
 *(.gnu.version_r)

.rel.dyn        0x0000000008048094        0x0
 *(.rel.init)
 *(.rel.text .rel.text.* .rel.gnu.linkonce.t.*)
 .rel.text      0x0000000000000000        0x0 kernel/kernel.o
 *(.rel.fini)
 *(.rel.rodata .rel.rodata.* .rel.gnu.linkonce.r.*)
 *(.rel.data.rel.ro* .rel.gnu.linkonce.d.rel.ro.*)
 *(.rel.data .rel.data.* .rel.gnu.linkonce.d.*)
 .rel.data      0x0000000000000000        0x0 kernel/kernel.o
 *(.rel.tdata .rel.tdata.* .rel.gnu.linkonce.td.*)
 *(.rel.tbss .rel.tbss.* .rel.gnu.linkonce.tb.*)
 *(.rel.ctors)
 *(.rel.dtors)
 *(.rel.got)
 *(.rel.bss .rel.bss.* .rel.gnu.linkonce.b.*)
 *(.rel.ifunc)

.rel.plt        0x0000000008048094        0x0
 *(.rel.plt)
                0x0000000008048094                PROVIDE (__rel_iplt_start, .)
 *(.rel.iplt)
 .rel.iplt      0x0000000000000000        0x0 kernel/kernel.o
                0x0000000008048094                PROVIDE (__rel_iplt_end, .)

.init
 *(.init)

.plt            0x00000000080480a0        0x0
 *(.plt)
 *(.iplt)
 .iplt          0x0000000000000000        0x0 kernel/kernel.o

.text           0x0000000000001000     0xb090
 *(.text.unlikely .text.*_unlikely)
 *(.text.exit .text.exit.*)
 *(.text.startup .text.startup.*)
 *(.text.hot .text.hot.*)
 *(.text .stub .text.* .gnu.linkonce.t.*)
 .text          0x0000000000001000      0x410 kernel/kernel.o
                0x0000000000001000                _start
                0x0000000000001040                hwint00
                0x0000000000001070                hwint01
                0x00000000000010a0                hwint02
                0x00000000000010d0                hwint03
                0x0000000000001100                hwint04
                0x0000000000001130                hwint05
                0x0000000000001160                hwint06
                0x0000000000001190                hwint07
                0x00000000000011c0                hwint08
                0x00000000000011f0                hwint09
                0x0000000000001220                hwint10
                0x0000000000001250                hwint11
                0x0000000000001280                hwint12
                0x00000000000012b0                hwint13
                0x00000000000012e0                hwint14
                0x0000000000001310                hwint15
                0x0000000000001334                divide_error
                0x000000000000133a                single_step_exception
                0x0000000000001340                nmi
                0x0000000000001346                breakpoint_exception
                0x000000000000134c                overflow
                0x0000000000001352                bounds_check
                0x0000000000001358                inval_opcode
                0x000000000000135e                copr_not_available
                0x0000000000001364                double_fault
                0x0000000000001368                copr_seg_overrun
                0x000000000000136e                inval_tss
                0x0000000000001372                segment_not_present
                0x0000000000001376                stack_exception
                0x000000000000137a                general_protection
                0x000000000000137e                page_fault
                0x0000000000001382                copr_error
                0x00000000000013cb                sys_call
                0x00000000000013eb                restart
 .text          0x0000000000001410       0x28 lib/syscall.o
                0x0000000000001410                sendrec
                0x000000000000142a                printx
 .text          0x0000000000001438       0x8e kernel/start.o
                0x0000000000001438                cstart
 *fill*         0x00000000000014c6        0x2 90909090
 .text          0x00000000000014c8     0x13e3 kernel/main.o
                0x00000000000014c8                kernel_main
                0x0000000000001759                get_ticks
                0x0000000000001791                TestA
                0x0000000000001b7a                timer
                0x0000000000001c35                search
                0x0000000000001d40                step
                0x0000000000001f19                game
                0x000000000000211d                TestB
                0x0000000000002588                TestC
                0x00000000000025c4                panic
                0x0000000000002614                clear
                0x0000000000002679                help
                0x00000000000026e1                startAnimate
                0x0000000000002814                ProcessManage
 *fill*         0x00000000000028ab        0x1 90909090
 .text          0x00000000000028ac      0x119 kernel/clock.o
                0x00000000000028ac                clock_handler
                0x0000000000002926                milli_delay
                0x0000000000002961                init_clock
 *fill*         0x00000000000029c5        0x3 90909090
 .text          0x00000000000029c8      0x6cc kernel/keyboard.o
                0x00000000000029c8                keyboard_handler
                0x0000000000002a2e                init_keyboard
                0x0000000000002add                keyboard_read
 .text          0x0000000000003094      0x9d7 kernel/tty.o
                0x0000000000003094                task_tty
                0x0000000000003248                in_process
                0x000000000000376f                sys_printx
                0x0000000000003910                dump_tty_buf
 *fill*         0x0000000000003a6b        0x1 90909090
 .text          0x0000000000003a6c      0x7f2 kernel/console.o
                0x0000000000003a6c                init_screen
                0x0000000000003bd8                out_char
                0x0000000000003e9e                clear_screen
                0x0000000000003ed3                is_current_console
                0x0000000000003ef7                set_cursor
                0x0000000000003f60                set_video_start_addr
                0x0000000000003fc9                select_console
                0x0000000000004006                scroll_screen
                0x00000000000041f8                flush
 *fill*         0x000000000000425e        0x2 90909090
 .text          0x0000000000004260      0x13c kernel/i8259.o
                0x0000000000004260                init_8259A
                0x0000000000004351                spurious_irq
                0x000000000000437c                put_irq_handler
 .text          0x000000000000439c        0x0 kernel/global.o
 .text          0x000000000000439c      0x7eb kernel/protect.o
                0x000000000000439c                init_prot
                0x000000000000499d                seg2phys
                0x0000000000004a58                exception_handler
 *fill*         0x0000000000004b87        0x1 90909090
 .text          0x0000000000004b88     0x1a06 kernel/proc.o
                0x0000000000004b88                schedule
                0x0000000000004c13                sys_sendrec
                0x0000000000004d72                send_recv
                0x0000000000004e53                ldt_seg_linear
                0x0000000000004e96                va2la
                0x0000000000004f03                reset_msg
                0x0000000000005f0c                inform_int
                0x00000000000060ac                dump_proc
                0x0000000000006447                dump_msg
 *fill*         0x000000000000658e        0x2 90909090
 .text          0x0000000000006590       0x95 kernel/systask.o
                0x0000000000006590                task_sys
 *fill*         0x0000000000006625        0x3 90909090
 .text          0x0000000000006628      0xe8f kernel/hd.o
                0x0000000000006628                task_hd
                0x0000000000007492                hd_handler
 *fill*         0x00000000000074b7        0x1 90909090
 .text          0x00000000000074b8       0xc0 lib/printf.o
                0x00000000000074b8                printf
                0x0000000000007537                printl
 .text          0x0000000000007578      0x31e lib/vsprintf.o
                0x00000000000075e3                vsprintf
                0x000000000000786c                sprintf
 *fill*         0x0000000000007896        0xa 90909090
 .text          0x00000000000078a0      0x19b lib/kliba.o
                0x00000000000078a0                disp_str
                0x00000000000078de                sleep
                0x00000000000078df                disp_color_str
                0x000000000000791e                out_byte
                0x000000000000792a                in_byte
                0x0000000000007934                port_read
                0x0000000000007947                port_write
                0x000000000000795a                disable_irq
                0x000000000000798f                enable_irq
                0x00000000000079ae                disable_int
                0x00000000000079b0                enable_int
                0x00000000000079b2                glitter
 *fill*         0x0000000000007a3b        0x1 90909090
 .text          0x0000000000007a3c      0x1d2 lib/klib.o
                0x0000000000007a3c                itoa
                0x0000000000007ae6                atoi
                0x0000000000007ba3                disp_int
                0x0000000000007bc8                delay
 *fill*         0x0000000000007c0e        0x2 90909090
 .text          0x0000000000007c10       0x78 lib/string.o
                0x0000000000007c10                memcpy
                0x0000000000007c39                memset
                0x0000000000007c5a                strcpy
                0x0000000000007c72                strlen
 .text          0x0000000000007c88      0x1b1 lib/misc.o
                0x0000000000007c88                memcmp
                0x0000000000007d02                strcmp
                0x0000000000007d79                strcat
                0x0000000000007dd8                spin
                0x0000000000007df3                assertion_failure
 *fill*         0x0000000000007e39        0x3 90909090
 .text          0x0000000000007e3c       0x73 lib/open.o
                0x0000000000007e3c                open
 *fill*         0x0000000000007eaf        0x1 90909090
 .text          0x0000000000007eb0       0x3f lib/read.o
                0x0000000000007eb0                read
 *fill*         0x0000000000007eef        0x1 90909090
 .text          0x0000000000007ef0       0x3f lib/write.o
                0x0000000000007ef0                write
 *fill*         0x0000000000007f2f        0x1 90909090
 .text          0x0000000000007f30       0x33 lib/close.o
                0x0000000000007f30                close
 *fill*         0x0000000000007f63        0x1 90909090
 .text          0x0000000000007f64       0x41 lib/unlink.o
                0x0000000000007f64                unlink
 *fill*         0x0000000000007fa5        0x3 90909090
 .text          0x0000000000007fa8       0x59 lib/getpid.o
                0x0000000000007fa8                getpid
 *fill*         0x0000000000008001        0x3 90909090
 .text          0x0000000000008004       0xdb lib/syslog.o
                0x0000000000008004                syslog
 *fill*         0x00000000000080df        0x1 90909090
 .text          0x00000000000080e0      0xee6 fs/main.o
                0x00000000000080e0                task_fs
                0x0000000000008a54                rw_sector
                0x0000000000008c9b                get_super_block
                0x0000000000008ce1                get_inode
                0x0000000000008e5a                put_inode
                0x0000000000008e9f                sync_inode
 *fill*         0x0000000000008fc6        0x2 90909090
 .text          0x0000000000008fc8      0xb6a fs/open.o
                0x0000000000008fc8                do_open
                0x000000000000946e                do_close
                0x00000000000094c6                do_lseek
 *fill*         0x0000000000009b32        0x2 90909090
 .text          0x0000000000009b34      0x20b fs/misc.o
                0x0000000000009b34                search_file
                0x0000000000009cb3                strip_path
 *fill*         0x0000000000009d3f        0x1 90909090
 .text          0x0000000000009d40      0x52e fs/read_write.o
                0x0000000000009d40                do_rdwt
 *fill*         0x000000000000a26e        0x2 90909090
 .text          0x000000000000a270      0x944 fs/link.o
                0x000000000000a270                do_unlink
 .text          0x000000000000abb4     0x14dc fs/disklog.o
                0x000000000000abb4                do_disklog
                0x000000000000ac5d                disklog
                0x000000000000b233                dump_fd_graph
 *(.gnu.warning)

.fini
 *(.fini)
                0x000000000000c090                PROVIDE (__etext, .)
                0x000000000000c090                PROVIDE (_etext, .)
                0x000000000000c090                PROVIDE (etext, .)

.rodata         0x000000000000c0a0     0x2b37
 *(.rodata .rodata.* .gnu.linkonce.r.*)
 .rodata        0x000000000000c0a0       0x47 kernel/start.o
 *fill*         0x000000000000c0e7        0x1 00
 .rodata        0x000000000000c0e8      0xe2a kernel/main.o
 *fill*         0x000000000000cf12        0x2 00
 .rodata        0x000000000000cf14       0x64 kernel/keyboard.o
 .rodata        0x000000000000cf78      0x13c kernel/tty.o
 .rodata        0x000000000000d0b4       0x5b kernel/console.o
 .rodata        0x000000000000d10f       0x11 kernel/i8259.o
 .rodata        0x000000000000d120        0x4 kernel/global.o
                0x000000000000d120                FSBUF_SIZE
 *fill*         0x000000000000d124       0x1c 00
 .rodata        0x000000000000d140      0x540 kernel/protect.o
 .rodata        0x000000000000d680      0x62e kernel/proc.o
 .rodata        0x000000000000dcae       0x11 kernel/systask.o
 *fill*         0x000000000000dcbf        0x1 00
 .rodata        0x000000000000dcc0      0x1ba kernel/hd.o
 .rodata        0x000000000000de7a       0x14 lib/printf.o
 *fill*         0x000000000000de8e        0x2 00
 .rodata        0x000000000000de90       0x61 lib/misc.o
 .rodata        0x000000000000def1       0x23 lib/open.o
 .rodata        0x000000000000df14       0x25 lib/getpid.o
 .rodata        0x000000000000df39       0x32 lib/syslog.o
 *fill*         0x000000000000df6b        0x1 00
 .rodata        0x000000000000df6c      0x206 fs/main.o
 *fill*         0x000000000000e172        0x2 00
 .rodata        0x000000000000e174      0x138 fs/open.o
 .rodata        0x000000000000e2ac      0x164 fs/read_write.o
 .rodata        0x000000000000e410      0x19d fs/link.o
 *fill*         0x000000000000e5ad        0x3 00
 .rodata        0x000000000000e5b0      0x627 fs/disklog.o

.rodata1
 *(.rodata1)

.eh_frame_hdr
 *(.eh_frame_hdr)

.eh_frame       0x000000000000ebd8     0x10f0
 *(.eh_frame)
 .eh_frame      0x000000000000ebd8       0x38 kernel/start.o
 .eh_frame      0x000000000000ec10      0x1b8 kernel/main.o
                                        0x1d0 (size before relaxing)
 .eh_frame      0x000000000000edc8       0x60 kernel/clock.o
                                         0x78 (size before relaxing)
 .eh_frame      0x000000000000ee28       0xe0 kernel/keyboard.o
                                         0xf8 (size before relaxing)
 .eh_frame      0x000000000000ef08      0x13c kernel/tty.o
                                        0x154 (size before relaxing)
 .eh_frame      0x000000000000f044      0x148 kernel/console.o
                                        0x160 (size before relaxing)
 .eh_frame      0x000000000000f18c       0x60 kernel/i8259.o
                                         0x78 (size before relaxing)
 .eh_frame      0x000000000000f1ec       0xb0 kernel/protect.o
                                         0xc8 (size before relaxing)
 .eh_frame      0x000000000000f29c      0x1e0 kernel/proc.o
                                        0x1f8 (size before relaxing)
 .eh_frame      0x000000000000f47c       0x1c kernel/systask.o
                                         0x34 (size before relaxing)
 .eh_frame      0x000000000000f498      0x1f4 kernel/hd.o
                                        0x20c (size before relaxing)
 .eh_frame      0x000000000000f68c       0x40 lib/printf.o
                                         0x58 (size before relaxing)
 .eh_frame      0x000000000000f6cc       0x68 lib/vsprintf.o
                                         0x80 (size before relaxing)
 .eh_frame      0x000000000000f734       0x84 lib/klib.o
                                         0x9c (size before relaxing)
 .eh_frame      0x000000000000f7b8       0x9c lib/misc.o
                                         0xb4 (size before relaxing)
 .eh_frame      0x000000000000f854       0x20 lib/open.o
                                         0x38 (size before relaxing)
 .eh_frame      0x000000000000f874       0x20 lib/read.o
                                         0x38 (size before relaxing)
 .eh_frame      0x000000000000f894       0x20 lib/write.o
                                         0x38 (size before relaxing)
 .eh_frame      0x000000000000f8b4       0x20 lib/close.o
                                         0x38 (size before relaxing)
 .eh_frame      0x000000000000f8d4       0x20 lib/unlink.o
                                         0x38 (size before relaxing)
 .eh_frame      0x000000000000f8f4       0x20 lib/getpid.o
                                         0x38 (size before relaxing)
 .eh_frame      0x000000000000f914       0x20 lib/syslog.o
                                         0x38 (size before relaxing)
 .eh_frame      0x000000000000f934      0x13c fs/main.o
                                        0x154 (size before relaxing)
 .eh_frame      0x000000000000fa70      0x130 fs/open.o
                                        0x148 (size before relaxing)
 .eh_frame      0x000000000000fba0       0x48 fs/misc.o
                                         0x60 (size before relaxing)
 .eh_frame      0x000000000000fbe8       0x2c fs/read_write.o
                                         0x44 (size before relaxing)
 .eh_frame      0x000000000000fc14       0x30 fs/link.o
                                         0x48 (size before relaxing)
 .eh_frame      0x000000000000fc44       0x84 fs/disklog.o
                                         0x9c (size before relaxing)

.gcc_except_table
 *(.gcc_except_table .gcc_except_table.*)

.exception_ranges
 *(.exception_ranges .exception_ranges*)
                0x000000000000fcc8                . = (ALIGN (0x1000) - ((0x1000 - .) & 0xfff))
                0x0000000000010000                . = DATA_SEGMENT_ALIGN (0x1000, 0x1000)

.eh_frame
 *(.eh_frame)

.gcc_except_table
 *(.gcc_except_table .gcc_except_table.*)

.exception_ranges
 *(.exception_ranges .exception_ranges*)

.tdata
 *(.tdata .tdata.* .gnu.linkonce.td.*)

.tbss
 *(.tbss .tbss.* .gnu.linkonce.tb.*)
 *(.tcommon)

.preinit_array  0x0000000000010000        0x0
                0x0000000000010000                PROVIDE (__preinit_array_start, .)
 *(.preinit_array)
                0x0000000000010000                PROVIDE (__preinit_array_end, .)

.init_array     0x0000000000010000        0x0
                0x0000000000010000                PROVIDE (__init_array_start, .)
 *(SORT(.init_array.*) SORT(.ctors.*))
 *(.init_array)
 *(EXCLUDE_FILE(*crtend?.o *crtend.o *crtbegin?.o *crtbegin.o) .ctors)
                0x0000000000010000                PROVIDE (__init_array_end, .)

.fini_array     0x0000000000010000        0x0
                0x0000000000010000                PROVIDE (__fini_array_start, .)
 *(SORT(.fini_array.*) SORT(.dtors.*))
 *(.fini_array)
 *(EXCLUDE_FILE(*crtend?.o *crtend.o *crtbegin?.o *crtbegin.o) .dtors)
                0x0000000000010000                PROVIDE (__fini_array_end, .)

.ctors
 *crtbegin.o(.ctors)
 *crtbegin?.o(.ctors)
 *(EXCLUDE_FILE(*crtend?.o *crtend.o) .ctors)
 *(SORT(.ctors.*))
 *(.ctors)

.dtors
 *crtbegin.o(.dtors)
 *crtbegin?.o(.dtors)
 *(EXCLUDE_FILE(*crtend?.o *crtend.o) .dtors)
 *(SORT(.dtors.*))
 *(.dtors)

.jcr
 *(.jcr)

.data.rel.ro
 *(.data.rel.ro.local* .gnu.linkonce.d.rel.ro.local.*)
 *(.data.rel.ro* .gnu.linkonce.d.rel.ro.*)

.dynamic
 *(.dynamic)

.got
 *(.got)
 *(.igot)
                0x0000000000010000                . = DATA_SEGMENT_RELRO_END (., 0xc)

.got.plt        0x0000000000010000        0x0
 *(.got.plt)
 *(.igot.plt)
 .igot.plt      0x0000000000000000        0x0 kernel/kernel.o

.data           0x0000000000010000      0x7a0
 *(.data .data.* .gnu.linkonce.d.*)
 .data          0x0000000000010000        0x2 kernel/kernel.o
 *fill*         0x0000000000010002        0x2 00
 .data          0x0000000000010004        0x0 kernel/start.o
 .data          0x0000000000010004        0x0 kernel/main.o
 .data          0x0000000000010004        0x0 kernel/clock.o
 *fill*         0x0000000000010004       0x1c 00
 .data          0x0000000000010020      0x600 kernel/keyboard.o
                0x0000000000010020                keymap
 .data          0x0000000000010620       0x22 kernel/tty.o
 *fill*         0x0000000000010642        0x2 00
 .data          0x0000000000010644        0x0 kernel/console.o
 .data          0x0000000000010644        0x0 kernel/i8259.o
 *fill*         0x0000000000010644       0x1c 00
 .data          0x0000000000010660      0x140 kernel/global.o
                0x0000000000010660                task_table
                0x0000000000010700                user_proc_table
                0x0000000000010778                sys_call_table
                0x0000000000010784                dd_map
                0x000000000001079c                fsbuf
 .data          0x00000000000107a0        0x0 kernel/protect.o
 .data          0x00000000000107a0        0x0 kernel/proc.o
 .data          0x00000000000107a0        0x0 kernel/systask.o
 .data          0x00000000000107a0        0x0 kernel/hd.o
 .data          0x00000000000107a0        0x0 lib/printf.o
 .data          0x00000000000107a0        0x0 lib/vsprintf.o
 .data          0x00000000000107a0        0x0 lib/klib.o
 .data          0x00000000000107a0        0x0 lib/misc.o
 .data          0x00000000000107a0        0x0 lib/open.o
 .data          0x00000000000107a0        0x0 lib/read.o
 .data          0x00000000000107a0        0x0 lib/write.o
 .data          0x00000000000107a0        0x0 lib/close.o
 .data          0x00000000000107a0        0x0 lib/unlink.o
 .data          0x00000000000107a0        0x0 lib/getpid.o
 .data          0x00000000000107a0        0x0 lib/syslog.o
 .data          0x00000000000107a0        0x0 fs/main.o
 .data          0x00000000000107a0        0x0 fs/open.o
 .data          0x00000000000107a0        0x0 fs/misc.o
 .data          0x00000000000107a0        0x0 fs/read_write.o
 .data          0x00000000000107a0        0x0 fs/link.o
 .data          0x00000000000107a0        0x0 fs/disklog.o

.data1
 *(.data1)
                0x00000000000107a0                _edata = .
                0x00000000000107a0                PROVIDE (edata, .)
                0x00000000000107a0                __bss_start = .

.bss            0x00000000000107a0    0x3cc5c
 *(.dynbss)
 *(.bss .bss.* .gnu.linkonce.b.*)
 .bss           0x00000000000107a0      0x800 kernel/kernel.o
 .bss           0x0000000000010fa0        0x0 kernel/start.o
 .bss           0x0000000000010fa0      0x1b0 kernel/main.o
                0x0000000000010fa0                tot
                0x0000000000010fc0                C
 .bss           0x0000000000011150        0x0 kernel/clock.o
 *fill*         0x0000000000011150       0x10 00
 .bss           0x0000000000011160       0x58 kernel/keyboard.o
 .bss           0x00000000000111b8        0x0 kernel/tty.o
 .bss           0x00000000000111b8        0x0 kernel/console.o
 .bss           0x00000000000111b8        0x0 kernel/i8259.o
 .bss           0x00000000000111b8        0x0 kernel/global.o
 .bss           0x00000000000111b8        0x0 kernel/protect.o
 .bss           0x00000000000111b8        0x0 kernel/proc.o
 .bss           0x00000000000111b8        0x0 kernel/systask.o
 *fill*         0x00000000000111b8        0x8 00
 .bss           0x00000000000111c0      0x64c kernel/hd.o
 .bss           0x000000000001180c        0x0 lib/printf.o
 .bss           0x000000000001180c        0x0 lib/vsprintf.o
 .bss           0x000000000001180c        0x0 lib/klib.o
 .bss           0x000000000001180c        0x0 lib/misc.o
 .bss           0x000000000001180c        0x0 lib/open.o
 .bss           0x000000000001180c        0x0 lib/read.o
 .bss           0x000000000001180c        0x0 lib/write.o
 .bss           0x000000000001180c        0x0 lib/close.o
 .bss           0x000000000001180c        0x0 lib/unlink.o
 .bss           0x000000000001180c        0x0 lib/getpid.o
 .bss           0x000000000001180c        0x0 lib/syslog.o
 .bss           0x000000000001180c        0x0 fs/main.o
 .bss           0x000000000001180c        0x0 fs/open.o
 .bss           0x000000000001180c        0x0 fs/misc.o
 .bss           0x000000000001180c        0x0 fs/read_write.o
 .bss           0x000000000001180c        0x0 fs/link.o
 *fill*         0x000000000001180c       0x14 00
 .bss           0x0000000000011820      0x208 fs/disklog.o
 *(COMMON)
 COMMON         0x0000000000011a28        0x4 kernel/main.o
                0x0000000000011a28                countError
 *fill*         0x0000000000011a2c       0x14 00
 COMMON         0x0000000000011a40    0x3b9ac kernel/global.o
                0x0000000000011a40                idt_ptr
                0x0000000000011a60                inode_table
                0x0000000000012560                task_stack
                0x000000000004a560                k_reenter
                0x000000000004a580                gdt
                0x000000000004a980                current_console
                0x000000000004a984                pcaller
                0x000000000004a9a0                tty_table
                0x000000000004ba40                tss
                0x000000000004bac0                fs_msg
                0x000000000004bb00                f_desc_table
                0x000000000004be00                root_inode
                0x000000000004be04                disp_pos
                0x000000000004be08                key_pressed
                0x000000000004be0c                gdt_ptr
                0x000000000004be20                idt
                0x000000000004c620                super_block
                0x000000000004c800                ticks
                0x000000000004c820                console_table
                0x000000000004c880                irq_table
                0x000000000004c8c0                p_proc_ready
                0x000000000004c8e0                proc_table
 COMMON         0x000000000004d3ec       0x10 kernel/hd.o
                0x000000000004d3ec                PARTITION_ENTRY
                0x000000000004d3fc                . = ALIGN ((. != 0x0)?0x4:0x1)
                0x000000000004d3fc                . = ALIGN (0x4)
                0x000000000004d3fc                . = ALIGN (0x4)
                0x000000000004d3fc                _end = .
                0x000000000004d3fc                PROVIDE (end, .)
                0x000000000004d3fc                . = DATA_SEGMENT_END (.)

.stab
 *(.stab)

.stabstr
 *(.stabstr)

.stab.excl
 *(.stab.excl)

.stab.exclstr
 *(.stab.exclstr)

.stab.index
 *(.stab.index)

.stab.indexstr
 *(.stab.indexstr)

.comment        0x0000000000000000       0x2a
 *(.comment)
 .comment       0x0000000000000000       0x2a kernel/start.o
                                         0x2b (size before relaxing)
 .comment       0x0000000000000000       0x2b kernel/main.o
 .comment       0x0000000000000000       0x2b kernel/clock.o
 .comment       0x0000000000000000       0x2b kernel/keyboard.o
 .comment       0x0000000000000000       0x2b kernel/tty.o
 .comment       0x0000000000000000       0x2b kernel/console.o
 .comment       0x0000000000000000       0x2b kernel/i8259.o
 .comment       0x0000000000000000       0x2b kernel/global.o
 .comment       0x0000000000000000       0x2b kernel/protect.o
 .comment       0x0000000000000000       0x2b kernel/proc.o
 .comment       0x0000000000000000       0x2b kernel/systask.o
 .comment       0x0000000000000000       0x2b kernel/hd.o
 .comment       0x0000000000000000       0x2b lib/printf.o
 .comment       0x0000000000000000       0x2b lib/vsprintf.o
 .comment       0x0000000000000000       0x2b lib/klib.o
 .comment       0x0000000000000000       0x2b lib/misc.o
 .comment       0x0000000000000000       0x2b lib/open.o
 .comment       0x0000000000000000       0x2b lib/read.o
 .comment       0x0000000000000000       0x2b lib/write.o
 .comment       0x0000000000000000       0x2b lib/close.o
 .comment       0x0000000000000000       0x2b lib/unlink.o
 .comment       0x0000000000000000       0x2b lib/getpid.o
 .comment       0x0000000000000000       0x2b lib/syslog.o
 .comment       0x0000000000000000       0x2b fs/main.o
 .comment       0x0000000000000000       0x2b fs/open.o
 .comment       0x0000000000000000       0x2b fs/misc.o
 .comment       0x0000000000000000       0x2b fs/read_write.o
 .comment       0x0000000000000000       0x2b fs/link.o
 .comment       0x0000000000000000       0x2b fs/disklog.o

.debug
 *(.debug)

.line
 *(.line)

.debug_srcinfo
 *(.debug_srcinfo)

.debug_sfnames
 *(.debug_sfnames)

.debug_aranges
 *(.debug_aranges)

.debug_pubnames
 *(.debug_pubnames)

.debug_info
 *(.debug_info .gnu.linkonce.wi.*)

.debug_abbrev
 *(.debug_abbrev)

.debug_line
 *(.debug_line)

.debug_frame
 *(.debug_frame)

.debug_str
 *(.debug_str)

.debug_loc
 *(.debug_loc)

.debug_macinfo
 *(.debug_macinfo)

.debug_weaknames
 *(.debug_weaknames)

.debug_funcnames
 *(.debug_funcnames)

.debug_typenames
 *(.debug_typenames)

.debug_varnames
 *(.debug_varnames)

.debug_pubtypes
 *(.debug_pubtypes)

.debug_ranges
 *(.debug_ranges)

.gnu.attributes
 *(.gnu.attributes)

/DISCARD/
 *(.note.GNU-stack)
 *(.gnu_debuglink)
 *(.gnu.lto_*)
OUTPUT(kernel.bin elf32-i386)
